111111101011101111111
100000100011001000001
101110101101001011101
101110101100101011101
101110101001001011101
100000100111101000001
111111101010101111111
000000000001100000000
111100101111110011101
001010001001110101111
110111111001001001011
101010000111001000010
100000101110110100000
000000001001001100001
111111100101110000100
100000100010000011001
101110100010101100100
101110101001001111000
101110101010101000000
100000101110010010110
111111101110010110100