111111101100101111111
100000100100101000001
101110101010101011101
101110101001001011101
101110101110001011101
100000100000001000001
111111101010101111111
000000000110000000000
111100101010010011101
111100011010110101101
000010111100101001000
011111001010110001010
011100101111011100100
000000001101011100001
111111100100011000100
100000100000111010101
101110100111010100000
101110101000000011000
101110101011001000000
100000101111110010010
111111101011001110000